

An error occurred inside PHPUnit.

Message:  Unclosed '{' on line 10
Location: C:\KODING\parkiran-app\tests\Feature\PricingServiceTest.php:141

#0 C:\KODING\parkiran-app\vendor\phpunit\phpunit\src\Runner\TestSuiteLoader.php(48): PHPUnit\Runner\TestSuiteLoader->loadSuiteClassFile('C:\\KODING\\parki...')
#1 C:\KODING\parkiran-app\vendor\phpunit\phpunit\src\Framework\TestSuite.php(251): PHPUnit\Runner\TestSuiteLoader->load('C:\\KODING\\parki...')
#2 C:\KODING\parkiran-app\vendor\phpunit\phpunit\src\Framework\TestSuite.php(269): PHPUnit\Framework\TestSuite->addTestFile('C:\\KODING\\parki...')
#3 C:\KODING\parkiran-app\vendor\phpunit\phpunit\src\TextUI\Configuration\Xml\TestSuiteMapper.php(102): PHPUnit\Framework\TestSuite->addTestFiles(Array)
#4 C:\KODING\parkiran-app\vendor\phpunit\phpunit\src\TextUI\Configuration\TestSuiteBuilder.php(75): PHPUnit\TextUI\XmlConfiguration\TestSuiteMapper->map('C:\\KODING\\parki...', Object(PHPUnit\TextUI\Configuration\TestSuiteCollection), '', '')
#5 C:\KODING\parkiran-app\vendor\phpunit\phpunit\src\TextUI\Application.php(394): PHPUnit\TextUI\Configuration\TestSuiteBuilder->build(Object(PHPUnit\TextUI\Configuration\Configuration))
#6 C:\KODING\parkiran-app\vendor\phpunit\phpunit\src\TextUI\Application.php(114): PHPUnit\TextUI\Application->buildTestSuite(Object(PHPUnit\TextUI\Configuration\Configuration))
#7 C:\KODING\parkiran-app\vendor\phpunit\phpunit\phpunit(104): PHPUnit\TextUI\Application->run(Array)
#8 {main}
